// Jest Snapshot v1, https://goo.gl/fbAQLP

exports[`Router.tsx Should match snapshot 1`] = `
<div>
  children
</div>
`;
